// Jest Snapshot v1, https://goo.gl/fbAQLP

exports[`MortgageTableRowView should render 1`] = `
<tr
  className="MuiTableRow-root"
  role={null}
>
  <td
    aria-sort={null}
    className="MuiTableCell-root MuiTableCell-alignCenter"
  >
    test sentence
  </td>
</tr>
`;
